exports[`test test store provider and relax 1`] = `
<div>
  hello iflux2
</div>
`;
